// Jest Snapshot v1, https://goo.gl/fbAQLP

exports[`ConfirmationAlert should match default confirmation message snapshot 1`] = `
<div
  className="fade alert alert-success show"
  role="alert"
>
  <div
    className="text-success alert-heading h4"
  >
    <span>
      Check Your Email
    </span>
  </div>
  <span>
    You entered 
    <strong>
      test@example.com
    </strong>
    . If this email address is associated with your edX account, we will send a message with password recovery instructions to this email address. 
    <br />
    If you do not receive a password reset message after 1 minute, verify that you entered the correct email address, or check your spam folder.
    <br />
     If you need further assistance, 
    <a
      href="https://support.edx.org/hc/en-us/articles/206212088-What-if-I-did-not-receive-a-password-reset-message-"
      onClick={[Function]}
      target="_self"
    >
      <span>
        contact technical support
      </span>
    </a>
    .
  </span>
</div>
`;
