// Jest Snapshot v1, https://goo.gl/fbAQLP

exports[`LoginPage should match TPA provider snapshot 1`] = `
<div
  className="d-flex justify-content-center m-4"
>
  <div
    className="d-flex flex-column"
  >
    <div
      className="mw-500"
    >
      <p>
        First time here?
        <a
          className="ml-1"
          href="/register"
          onClick={[Function]}
          target="_self"
        >
          Create an account
          .
        </a>
      </p>
      <hr
        className="mt-0 border-gray-200"
      />
      <h1
        className="text-left mt-2 mb-3 h3"
      >
        Sign in
      </h1>
      <form
        className="m-0"
      >
        <div
          className="form-group"
        >
          <label
            className="pgn__form-label pt-10 focus-out"
            htmlFor="email"
          >
            Email
          </label>
          <input
            aria-describedby=""
            aria-invalid={false}
            autoComplete="on"
            className="form-control border-gray-600"
            id="email"
            name="email"
            onBlur={[Function]}
            onChange={[Function]}
            onClick={[Function]}
            onFocus={[Function]}
            required={true}
            type="email"
            value=""
          />
          <span />
        </div>
        <div
          className="form-group"
        >
          <label
            className="pgn__form-label pt-10 focus-out"
            htmlFor="password"
          >
            Password
          </label>
          <input
            aria-describedby=""
            aria-invalid={false}
            autoComplete="on"
            className="form-control border-gray-600"
            id="password"
            name="password"
            onBlur={[Function]}
            onChange={[Function]}
            onClick={[Function]}
            onFocus={[Function]}
            required={true}
            type="password"
            value=""
          />
          <span />
        </div>
        <button
          className="mt-2 field-link small"
          onClick={[Function]}
          type="button"
        >
          <svg
            aria-hidden="true"
            className="svg-inline--fa fa-caret-right fa-w-6 mr-1"
            data-icon="caret-right"
            data-prefix="fas"
            focusable="false"
            role="img"
            style={Object {}}
            viewBox="0 0 192 512"
            xmlns="http://www.w3.org/2000/svg"
          >
            <path
              d="M0 384.662V127.338c0-17.818 21.543-26.741 34.142-14.142l128.662 128.662c7.81 7.81 7.81 20.474 0 28.284L34.142 398.804C21.543 411.404 0 402.48 0 384.662z"
              fill="currentColor"
              style={Object {}}
            />
          </svg>
          Need help signing in?
        </button>
        <div
          className="pgn-transition-replace-group position-relative"
          style={
            Object {
              "height": null,
            }
          }
        >
          <div
            style={
              Object {
                "padding": ".1px 0",
              }
            }
          />
        </div>
        <a
          className="field-link mt-0 mb-3 small"
          href="http://localhost:18000/enterprise/login"
          onClick={[Function]}
          target="_self"
        >
          Sign in with your company or school
        </a>
        <button
          aria-disabled={false}
          aria-live="assertive"
          className="pgn__stateful-btn pgn__stateful-btn-state-default btn btn-brand"
          disabled={false}
          onClick={[Function]}
          onMouseDown={[Function]}
          type="submit"
        >
          <span
            className="d-flex align-items-center justify-content-center"
          >
            <span
              className=""
            >
              Sign in
            </span>
          </span>
        </button>
      </form>
      <div
        className="mb-3"
      >
        <hr
          className="mt-3 mb-3 border-gray-200"
        />
        or sign in with
      </div>
      <div
        className="row tpa-container"
      >
        <button
          className="btn-social btn-oa2-apple-id mr-3"
          data-provider-url="/auth/login/apple-id/?auth_entry=login&next=/dashboard"
          id="oa2-apple-id"
          onClick={[Function]}
          type="button"
        >
          <div
            aria-hidden="true"
            className="ml-auto"
          >
            <img
              alt="icon Apple"
              className="icon-image"
              src="https://edx.devstack.lms/logo.png"
            />
          </div>
          <span
            aria-hidden="true"
            className="mr-auto pl-2"
            id="provider-name"
          >
            Apple
          </span>
          <span
            className="sr-only"
          >
            Sign in with Apple
          </span>
        </button>
      </div>
    </div>
  </div>
</div>
`;

exports[`LoginPage should match default section snapshot 1`] = `
<div
  className="d-flex justify-content-center m-4"
>
  <div
    className="d-flex flex-column"
  >
    <div
      className="mw-500"
    >
      <p>
        First time here?
        <a
          className="ml-1"
          href="/register"
          onClick={[Function]}
          target="_self"
        >
          Create an account
          .
        </a>
      </p>
      <hr
        className="mt-0 border-gray-200"
      />
      <h1
        className="text-left mt-2 mb-3 h3"
      >
        Sign in
      </h1>
      <form
        className="m-0"
      >
        <div
          className="form-group"
        >
          <label
            className="pgn__form-label pt-10 focus-out"
            htmlFor="email"
          >
            Email
          </label>
          <input
            aria-describedby=""
            aria-invalid={false}
            autoComplete="on"
            className="form-control border-gray-600"
            id="email"
            name="email"
            onBlur={[Function]}
            onChange={[Function]}
            onClick={[Function]}
            onFocus={[Function]}
            required={true}
            type="email"
            value=""
          />
          <span />
        </div>
        <div
          className="form-group"
        >
          <label
            className="pgn__form-label pt-10 focus-out"
            htmlFor="password"
          >
            Password
          </label>
          <input
            aria-describedby=""
            aria-invalid={false}
            autoComplete="on"
            className="form-control border-gray-600"
            id="password"
            name="password"
            onBlur={[Function]}
            onChange={[Function]}
            onClick={[Function]}
            onFocus={[Function]}
            required={true}
            type="password"
            value=""
          />
          <span />
        </div>
        <button
          className="mt-2 field-link small"
          onClick={[Function]}
          type="button"
        >
          <svg
            aria-hidden="true"
            className="svg-inline--fa fa-caret-right fa-w-6 mr-1"
            data-icon="caret-right"
            data-prefix="fas"
            focusable="false"
            role="img"
            style={Object {}}
            viewBox="0 0 192 512"
            xmlns="http://www.w3.org/2000/svg"
          >
            <path
              d="M0 384.662V127.338c0-17.818 21.543-26.741 34.142-14.142l128.662 128.662c7.81 7.81 7.81 20.474 0 28.284L34.142 398.804C21.543 411.404 0 402.48 0 384.662z"
              fill="currentColor"
              style={Object {}}
            />
          </svg>
          Need help signing in?
        </button>
        <div
          className="pgn-transition-replace-group position-relative"
          style={
            Object {
              "height": null,
            }
          }
        >
          <div
            style={
              Object {
                "padding": ".1px 0",
              }
            }
          />
        </div>
        <a
          className="field-link mt-0 mb-3 small"
          href="http://localhost:18000/enterprise/login"
          onClick={[Function]}
          target="_self"
        >
          Sign in with your company or school
        </a>
        <button
          aria-disabled={false}
          aria-live="assertive"
          className="pgn__stateful-btn pgn__stateful-btn-state-default btn btn-brand"
          disabled={false}
          onClick={[Function]}
          onMouseDown={[Function]}
          type="submit"
        >
          <span
            className="d-flex align-items-center justify-content-center"
          >
            <span
              className=""
            >
              Sign in
            </span>
          </span>
        </button>
      </form>
    </div>
  </div>
</div>
`;

exports[`LoginPage should match forget password alert message snapshot 1`] = `
<div
  className="d-flex justify-content-center m-4"
>
  <div
    className="d-flex flex-column"
  >
    <div
      className="mw-500"
    >
      <div
        className="fade alert-content undefined alert alert-success show"
        id="confirmation-alert"
        role="alert"
      >
        <div
          className="alert-message-content"
        >
          <div
            className="alert-heading h4"
          >
            Check your email
          </div>
          <p>
            <span>
              You entered 
              <strong
                className="data-hj-suppress"
              >
                test@example.com
              </strong>
              . If this email address is associated with your edX account, we will send a message with password recovery instructions to this email address.
            </span>
          </p>
          <p>
            If you do not receive a password reset message after 1 minute, verify that you entered the correct email address, or check your spam folder.
          </p>
          <p>
            <span>
              If you need further assistance, 
              <a
                className="alert-link"
                href="#"
                onClick={[Function]}
                onKeyDown={[Function]}
                role="button"
              >
                contact technical support
              </a>
              .
            </span>
          </p>
        </div>
      </div>
      <p>
        First time here?
        <a
          className="ml-1"
          href="/register"
          onClick={[Function]}
          target="_self"
        >
          Create an account
          .
        </a>
      </p>
      <hr
        className="mt-0 border-gray-200"
      />
      <h1
        className="text-left mt-2 mb-3 h3"
      >
        Sign in
      </h1>
      <form
        className="m-0"
      >
        <div
          className="form-group"
        >
          <label
            className="pgn__form-label pt-10 focus-out"
            htmlFor="email"
          >
            Email
          </label>
          <input
            aria-describedby=""
            aria-invalid={false}
            autoComplete="on"
            className="form-control border-gray-600"
            id="email"
            name="email"
            onBlur={[Function]}
            onChange={[Function]}
            onClick={[Function]}
            onFocus={[Function]}
            required={true}
            type="email"
            value=""
          />
          <span />
        </div>
        <div
          className="form-group"
        >
          <label
            className="pgn__form-label pt-10 focus-out"
            htmlFor="password"
          >
            Password
          </label>
          <input
            aria-describedby=""
            aria-invalid={false}
            autoComplete="on"
            className="form-control border-gray-600"
            id="password"
            name="password"
            onBlur={[Function]}
            onChange={[Function]}
            onClick={[Function]}
            onFocus={[Function]}
            required={true}
            type="password"
            value=""
          />
          <span />
        </div>
        <button
          className="mt-2 field-link small"
          onClick={[Function]}
          type="button"
        >
          <svg
            aria-hidden="true"
            className="svg-inline--fa fa-caret-right fa-w-6 mr-1"
            data-icon="caret-right"
            data-prefix="fas"
            focusable="false"
            role="img"
            style={Object {}}
            viewBox="0 0 192 512"
            xmlns="http://www.w3.org/2000/svg"
          >
            <path
              d="M0 384.662V127.338c0-17.818 21.543-26.741 34.142-14.142l128.662 128.662c7.81 7.81 7.81 20.474 0 28.284L34.142 398.804C21.543 411.404 0 402.48 0 384.662z"
              fill="currentColor"
              style={Object {}}
            />
          </svg>
          Need help signing in?
        </button>
        <div
          className="pgn-transition-replace-group position-relative"
          style={
            Object {
              "height": null,
            }
          }
        >
          <div
            style={
              Object {
                "padding": ".1px 0",
              }
            }
          />
        </div>
        <a
          className="field-link mt-0 mb-3 small"
          href="http://localhost:18000/enterprise/login"
          onClick={[Function]}
          target="_self"
        >
          Sign in with your company or school
        </a>
        <button
          aria-disabled={false}
          aria-live="assertive"
          className="pgn__stateful-btn pgn__stateful-btn-state-default btn btn-brand"
          disabled={false}
          onClick={[Function]}
          onMouseDown={[Function]}
          type="submit"
        >
          <span
            className="d-flex align-items-center justify-content-center"
          >
            <span
              className=""
            >
              Sign in
            </span>
          </span>
        </button>
      </form>
    </div>
  </div>
</div>
`;

exports[`LoginPage should match pending button state snapshot 1`] = `
<div
  className="d-flex justify-content-center m-4"
>
  <div
    className="d-flex flex-column"
  >
    <div
      className="mw-500"
    >
      <p>
        First time here?
        <a
          className="ml-1"
          href="/register"
          onClick={[Function]}
          target="_self"
        >
          Create an account
          .
        </a>
      </p>
      <hr
        className="mt-0 border-gray-200"
      />
      <h1
        className="text-left mt-2 mb-3 h3"
      >
        Sign in
      </h1>
      <form
        className="m-0"
      >
        <div
          className="form-group"
        >
          <label
            className="pgn__form-label pt-10 focus-out"
            htmlFor="email"
          >
            Email
          </label>
          <input
            aria-describedby=""
            aria-invalid={false}
            autoComplete="on"
            className="form-control border-gray-600"
            id="email"
            name="email"
            onBlur={[Function]}
            onChange={[Function]}
            onClick={[Function]}
            onFocus={[Function]}
            required={true}
            type="email"
            value=""
          />
          <span />
        </div>
        <div
          className="form-group"
        >
          <label
            className="pgn__form-label pt-10 focus-out"
            htmlFor="password"
          >
            Password
          </label>
          <input
            aria-describedby=""
            aria-invalid={false}
            autoComplete="on"
            className="form-control border-gray-600"
            id="password"
            name="password"
            onBlur={[Function]}
            onChange={[Function]}
            onClick={[Function]}
            onFocus={[Function]}
            required={true}
            type="password"
            value=""
          />
          <span />
        </div>
        <button
          className="mt-2 field-link small"
          onClick={[Function]}
          type="button"
        >
          <svg
            aria-hidden="true"
            className="svg-inline--fa fa-caret-right fa-w-6 mr-1"
            data-icon="caret-right"
            data-prefix="fas"
            focusable="false"
            role="img"
            style={Object {}}
            viewBox="0 0 192 512"
            xmlns="http://www.w3.org/2000/svg"
          >
            <path
              d="M0 384.662V127.338c0-17.818 21.543-26.741 34.142-14.142l128.662 128.662c7.81 7.81 7.81 20.474 0 28.284L34.142 398.804C21.543 411.404 0 402.48 0 384.662z"
              fill="currentColor"
              style={Object {}}
            />
          </svg>
          Need help signing in?
        </button>
        <div
          className="pgn-transition-replace-group position-relative"
          style={
            Object {
              "height": null,
            }
          }
        >
          <div
            style={
              Object {
                "padding": ".1px 0",
              }
            }
          />
        </div>
        <a
          className="field-link mt-0 mb-3 small"
          href="http://localhost:18000/enterprise/login"
          onClick={[Function]}
          target="_self"
        >
          Sign in with your company or school
        </a>
        <button
          aria-disabled={true}
          aria-live="assertive"
          className="pgn__stateful-btn pgn__stateful-btn-state-pending disabled btn btn-brand"
          disabled={false}
          onClick={[Function]}
          onMouseDown={[Function]}
          type="submit"
        >
          <span
            className="d-flex align-items-center justify-content-center"
          >
            <span
              className="pgn__stateful-btn-icon"
            >
              <svg
                aria-hidden="true"
                className="svg-inline--fa fa-spinner fa-w-16 fa-spin "
                data-icon="spinner"
                data-prefix="fas"
                focusable="false"
                role="img"
                style={Object {}}
                viewBox="0 0 512 512"
                xmlns="http://www.w3.org/2000/svg"
              >
                <path
                  d="M304 48c0 26.51-21.49 48-48 48s-48-21.49-48-48 21.49-48 48-48 48 21.49 48 48zm-48 368c-26.51 0-48 21.49-48 48s21.49 48 48 48 48-21.49 48-48-21.49-48-48-48zm208-208c-26.51 0-48 21.49-48 48s21.49 48 48 48 48-21.49 48-48-21.49-48-48-48zM96 256c0-26.51-21.49-48-48-48S0 229.49 0 256s21.49 48 48 48 48-21.49 48-48zm12.922 99.078c-26.51 0-48 21.49-48 48s21.49 48 48 48 48-21.49 48-48c0-26.509-21.491-48-48-48zm294.156 0c-26.51 0-48 21.49-48 48s21.49 48 48 48 48-21.49 48-48c0-26.509-21.49-48-48-48zM108.922 60.922c-26.51 0-48 21.49-48 48s21.49 48 48 48 48-21.49 48-48-21.491-48-48-48z"
                  fill="currentColor"
                  style={Object {}}
                />
              </svg>
            </span>
            <span
              className=""
            >
              Sign in
            </span>
          </span>
        </button>
      </form>
    </div>
  </div>
</div>
`;

exports[`LoginPage should show error message 1`] = `
<div
  className="d-flex justify-content-center m-4"
>
  <div
    className="d-flex flex-column"
  >
    <div
      className="mw-500"
    >
      <div
        className="fade alert-content undefined alert alert-danger show"
        id="login-failure-alert"
        role="alert"
      >
        <div
          className="alert-message-content"
        >
          <div
            className="alert-heading h4"
          >
            We couldn't sign you in.
          </div>
          <ul>
            <li>
              Email or password is incorrect.
            </li>
          </ul>
        </div>
      </div>
      <p>
        First time here?
        <a
          className="ml-1"
          href="/register"
          onClick={[Function]}
          target="_self"
        >
          Create an account
          .
        </a>
      </p>
      <hr
        className="mt-0 border-gray-200"
      />
      <h1
        className="text-left mt-2 mb-3 h3"
      >
        Sign in
      </h1>
      <form
        className="m-0"
      >
        <div
          className="form-group"
        >
          <label
            className="pgn__form-label pt-10 focus-out"
            htmlFor="email"
          >
            Email
          </label>
          <input
            aria-describedby=""
            aria-invalid={false}
            autoComplete="on"
            className="form-control border-gray-600"
            id="email"
            name="email"
            onBlur={[Function]}
            onChange={[Function]}
            onClick={[Function]}
            onFocus={[Function]}
            required={true}
            type="email"
            value=""
          />
          <span />
        </div>
        <div
          className="form-group"
        >
          <label
            className="pgn__form-label pt-10 focus-out"
            htmlFor="password"
          >
            Password
          </label>
          <input
            aria-describedby=""
            aria-invalid={false}
            autoComplete="on"
            className="form-control border-gray-600"
            id="password"
            name="password"
            onBlur={[Function]}
            onChange={[Function]}
            onClick={[Function]}
            onFocus={[Function]}
            required={true}
            type="password"
            value=""
          />
          <span />
        </div>
        <button
          className="mt-2 field-link small"
          onClick={[Function]}
          type="button"
        >
          <svg
            aria-hidden="true"
            className="svg-inline--fa fa-caret-right fa-w-6 mr-1"
            data-icon="caret-right"
            data-prefix="fas"
            focusable="false"
            role="img"
            style={Object {}}
            viewBox="0 0 192 512"
            xmlns="http://www.w3.org/2000/svg"
          >
            <path
              d="M0 384.662V127.338c0-17.818 21.543-26.741 34.142-14.142l128.662 128.662c7.81 7.81 7.81 20.474 0 28.284L34.142 398.804C21.543 411.404 0 402.48 0 384.662z"
              fill="currentColor"
              style={Object {}}
            />
          </svg>
          Need help signing in?
        </button>
        <div
          className="pgn-transition-replace-group position-relative"
          style={
            Object {
              "height": null,
            }
          }
        >
          <div
            style={
              Object {
                "padding": ".1px 0",
              }
            }
          />
        </div>
        <a
          className="field-link mt-0 mb-3 small"
          href="http://localhost:18000/enterprise/login"
          onClick={[Function]}
          target="_self"
        >
          Sign in with your company or school
        </a>
        <button
          aria-disabled={false}
          aria-live="assertive"
          className="pgn__stateful-btn pgn__stateful-btn-state-default btn btn-brand"
          disabled={false}
          onClick={[Function]}
          onMouseDown={[Function]}
          type="submit"
        >
          <span
            className="d-flex align-items-center justify-content-center"
          >
            <span
              className=""
            >
              Sign in
            </span>
          </span>
        </button>
      </form>
    </div>
  </div>
</div>
`;
